// Jest Snapshot v1, https://goo.gl/fbAQLP

exports[`HomeHeroSection display home hero section:  <section className="bg-hero-pattern mt-5 xl:mt-20 xl:bg-left">
    <div className="container flex flex-col-reverse items-center xl:flex-row">
      <div className="flex flex-col gap-5 mt-12 pb-5 text-center xl:text-right">
        <h3 className="text-xl dark:text-info xl:text-2xl">
          خوش آمدید به ...
        </h3>
        <h1 className="text-3xl font-black gradient lg:text-5xl xl:text-5xl">
          مسیر سعود به قله های برنامه نویسی
        </h1>
        <p>هرجای مسیر برنامه نویسی که باشی هواتو داریم</p>

        <div className="my-5 flex gap-4">
          <Button variant="primary" size="large">
            دوره های ری اکت و نکست
          </Button>
          <Button variant="neutral" size="large">
            مشاوره برنامه نویسی
          </Button>
        </div>
        <Image
          className="grayscale mt-4 opacity-70 m-auto xl:m-0"
          src="/images/frameworks.png"
          width={412}
          height={39}
          alt="FrameWorks"
        />
      </div>
      <Image
        src="/images/programmer-landing.svg"
        width={702}
        height={521}
        alt="classbon"
      />
    </div>
  </section> 1`] = `
<div>
  <section
    class="bg-hero-pattern mt-5 xl:mt-20 xl:bg-left"
  >
    <div
      class="container flex flex-col-reverse items-center xl:flex-row"
    >
      <div
        class="flex flex-col gap-5 mt-12 pb-5 text-center xl:text-right"
      >
        <h3
          class="text-xl dark:text-info xl:text-2xl"
        >
          خوش آمدید به ...
        </h3>
        <h1
          class="text-3xl font-black gradient lg:text-5xl xl:text-5xl"
        >
          مسیر سعود به قله های برنامه نویسی
        </h1>
        <p>
          هرجای مسیر برنامه نویسی که باشی هواتو داریم
        </p>
        <div
          class="my-5 flex gap-4"
        >
          <button
            class="btn btn-primary btn-lg "
            type="button"
          >
            دوره های ری اکت و نکست
          </button>
          <button
            class="btn btn-neutral btn-lg "
            type="button"
          >
            مشاوره برنامه نویسی
          </button>
        </div>
        <img
          alt="FrameWorks"
          class="grayscale mt-4 opacity-70 m-auto xl:m-0"
          data-nimg="1"
          decoding="async"
          height="39"
          loading="lazy"
          src="/_next/image?url=%2Fimages%2Fframeworks.png&w=828&q=75"
          srcset="/_next/image?url=%2Fimages%2Fframeworks.png&w=640&q=75 1x, /_next/image?url=%2Fimages%2Fframeworks.png&w=828&q=75 2x"
          style="color: transparent;"
          width="412"
        />
      </div>
      <img
        alt="classbon"
        data-nimg="1"
        decoding="async"
        height="521"
        loading="lazy"
        src="/images/programmer-landing.svg"
        style="color: transparent;"
        width="702"
      />
    </div>
  </section>
</div>
`;
